// Jest Snapshot v1, https://goo.gl/fbAQLP

exports[`matches the Home snapshot 1`] = `
<div
  className="center"
>
  <h1>
    Welcome to our page!
  </h1>
  <p>
    Lorem ipsum dolor sit amet, consectetur adipisicing elit, sed do eiusmod tempor incididunt ut labore et dolore magna aliqua. Ut enim ad minim veniam, quis nostrud exercitation ullamco laboris nisi ut aliquip ex ea commodo consequat. Duis aute irure dolor in reprehenderit in voluptate velit esse cillum dolore eu fugiat nulla pariatur.
  </p>
  <p>
    Excepteur sint occaecat cupidatat non proident, sunt in culpa qui o!cia deserunt mollit anim id est laborum. IpsuLorem ipsum dolor sit amet, consectetur adipisicing elit, sed do eiusmod tempor incididunt ut labore et dolore magna aliqua.
  </p>
  <p>
    Ut enim ad minim veniam, quis nostrud exercitation ullamco laboris nisi ut aliquip ex ea commodo consequat. Duis aute irure dolor in reprehenderit in voluptate velit esse cillum dolore eu fugiat nulla pariatur. Excepteur sint occaecat cupidatat non proident, sunt in culpa qui o!cia deserunt mollit anim id est laborum. Ipsu
  </p>
</div>
`;
