// Jest Snapshot v1, https://goo.gl/fbAQLP

exports[`matches the Quote snapshot 1`] = `
<div
  className="center"
>
  <h3>
    Mathematics is not about numbers, equations, computations, or algorithms: it is about understanding.
    <br />
     
    â€“William Paul Thurston
  </h3>
</div>
`;
